// Jest Snapshot v1, https://goo.gl/fbAQLP

exports[`$Keys testType<$Keys<Props>>() (type) should match snapshot 1`] = `"\\"name\\" | \\"age\\" | \\"visible\\""`;
